// Jest Snapshot v1, https://goo.gl/fbAQLP

exports[`MyAccount Profile API getProfile can get profile with "okta.myAccount.profile.read" in token scopes 1`] = `
{
  "createdAt": Any<String>,
  "headers": Any<Object>,
  "modifiedAt": Any<String>,
  "profile": Any<Object>,
}
`;

exports[`MyAccount Profile API getProfileSchema can get profile schema with "okta.myAccount.profile.read" in token scopes 1`] = `
{
  "headers": Any<Object>,
  "properties": Any<Object>,
}
`;
